[0m19:18:35.121374 [debug] [MainThread]: Sending event: {'category': 'dbt', 'action': 'invocation', 'label': 'start', 'context': [<snowplow_tracker.self_describing_json.SelfDescribingJson object at 0x7ffb347ce510>, <snowplow_tracker.self_describing_json.SelfDescribingJson object at 0x7ffb36b0f890>, <snowplow_tracker.self_describing_json.SelfDescribingJson object at 0x7ffb3330b9d0>]}


============================== 19:18:35.146897 | 84401993-2840-487a-baaa-65cb914d53e1 ==============================
[0m19:18:35.146897 [info ] [MainThread]: Running with dbt=1.12.1
[0m19:18:35.147350 [debug] [MainThread]: running dbt with arguments {'indirect_selection': 'eager', 'debug': 'False', 'partial_parse': 'True', 'empty': 'None', 'maximum_seed_size_mib': '1', 'warn_error': 'None', 'hints_enabled': 'True', 'send_anonymous_usage_stats': 'True', 'log_path': 'logs', 'target_path': 'None', 'fail_fast': 'False', 'profiles_dir': '/home/eeemy/.dbt', 'quiet': 'False', 'static_parser': 'True', 'invocation_command': 'dbt init chicago311dbt', 'no_print': 'None', 'use_experimental_parser': 'False', 'cache_selected_only': 'False', 'write_json': 'True', 'log_format': 'default', 'log_cache_events': 'False', 'printer_width': '80', 'warn_error_options': 'WarnErrorOptionsV2(error=[], warn=[], silence=[])', 'use_colors': 'True', 'version_check': 'True', 'introspect': 'True'}
[0m19:18:35.183515 [debug] [MainThread]: Starter project path: /home/eeemy/Work/levi/chicago311/.venv/lib/python3.14/site-packages/dbt/include/starter_project
[0m19:18:35.185321 [info ] [MainThread]: Setting up your profile.
[0m19:18:50.171876 [info ] [MainThread]: Running dbt debug to validate the project...
[0m19:18:50.172372 [info ] [MainThread]: dbt version: 1.12.1
[0m19:18:50.172656 [info ] [MainThread]: python version: 3.14.6
[0m19:18:50.172913 [info ] [MainThread]: python path: /home/eeemy/Work/levi/chicago311/.venv/bin/python3
[0m19:18:50.173158 [info ] [MainThread]: os info: Linux-7.1.5-arch1-1-x86_64-with-glibc2.44
[0m19:18:50.214187 [info ] [MainThread]: Using profiles dir at /home/eeemy/.dbt
[0m19:18:50.214555 [info ] [MainThread]: Using profiles.yml file at /home/eeemy/.dbt/profiles.yml
[0m19:18:50.214819 [info ] [MainThread]: Using dbt_project.yml file at /home/eeemy/Work/levi/chicago311/chicago311dbt/dbt_project.yml
[0m19:18:50.216168 [info ] [MainThread]: adapter type: duckdb
[0m19:18:50.216426 [info ] [MainThread]: adapter version: 1.11.0
[0m19:18:50.298763 [info ] [MainThread]: Configuration:
[0m19:18:50.299165 [info ] [MainThread]:   profiles.yml file [[32mOK found and valid[0m]
[0m19:18:50.299441 [info ] [MainThread]:   dbt_project.yml file [[32mOK found and valid[0m]
[0m19:18:50.299704 [info ] [MainThread]: Required dependencies:
[0m19:18:50.300008 [debug] [MainThread]: Executing "git --help"
[0m19:18:50.308348 [debug] [MainThread]: STDOUT: "b"usage: git [-v | --version] [-h | --help] [-C <path>] [-c <name>=<value>]\n           [--exec-path[=<path>]] [--html-path] [--man-path] [--info-path]\n           [-p | --paginate | -P | --no-pager] [--no-replace-objects] [--no-lazy-fetch]\n           [--no-optional-locks] [--no-advice] [--bare] [--git-dir=<path>]\n           [--work-tree=<path>] [--namespace=<name>] [--config-env=<name>=<envvar>]\n           <command> [<args>]\n\nThese are common Git commands used in various situations:\n\nstart a working area (see also: git help tutorial)\n   clone      Clone a repository into a new directory\n   init       Create an empty Git repository or reinitialize an existing one\n\nwork on the current change (see also: git help everyday)\n   add        Add file contents to the index\n   mv         Move or rename a file, a directory, or a symlink\n   restore    Restore working tree files\n   rm         Remove files from the working tree and from the index\n\nexamine the history and state (see also: git help revisions)\n   bisect     Use binary search to find the commit that introduced a bug\n   diff       Show changes between commits, commit and working tree, etc\n   grep       Print lines matching a pattern\n   log        Show commit logs\n   show       Show various types of objects\n   status     Show the working tree status\n\ngrow, mark and tweak your common history\n   backfill   Download missing objects in a partial clone\n   branch     List, create, or delete branches\n   commit     Record changes to the repository\n   history    EXPERIMENTAL: Rewrite history\n   merge      Join two or more development histories together\n   rebase     Reapply commits on top of another base tip\n   reset      Set `HEAD` or the index to a known state\n   switch     Switch branches\n   tag        Create, list, delete or verify tags\n\ncollaborate (see also: git help workflows)\n   fetch      Download objects and refs from another repository\n   pull       Fetch from and integrate with another repository or a local branch\n   push       Update remote refs along with associated objects\n\n'git help -a' and 'git help -g' list available subcommands and some\nconcept guides. See 'git help <command>' or 'git help <concept>'\nto read about a specific subcommand or concept.\nSee 'git help git' for an overview of the system.\n""
[0m19:18:50.308961 [debug] [MainThread]: STDERR: "b''"
[0m19:18:50.309305 [info ] [MainThread]:  - git [[32mOK found[0m]

[0m19:18:50.309638 [info ] [MainThread]: Connection:
[0m19:18:50.309903 [info ] [MainThread]:   database: dev
[0m19:18:50.310121 [info ] [MainThread]:   schema: main
[0m19:18:50.310407 [info ] [MainThread]:   path: dev.duckdb
[0m19:18:50.310661 [info ] [MainThread]:   config_options: None
[0m19:18:50.310942 [info ] [MainThread]:   extensions: None
[0m19:18:50.311163 [info ] [MainThread]:   settings: {}
[0m19:18:50.311376 [info ] [MainThread]:   external_root: .
[0m19:18:50.311589 [info ] [MainThread]:   use_credential_provider: None
[0m19:18:50.311807 [info ] [MainThread]:   attach: None
[0m19:18:50.312038 [info ] [MainThread]:   filesystems: None
[0m19:18:50.312249 [info ] [MainThread]:   remote: None
[0m19:18:50.312454 [info ] [MainThread]:   plugins: None
[0m19:18:50.312660 [info ] [MainThread]:   disable_transactions: False
[0m19:18:50.313012 [info ] [MainThread]: Registered adapter: duckdb=1.11.0
[0m19:18:50.359064 [debug] [MainThread]: Acquiring new duckdb connection 'debug'
[0m19:18:50.384361 [debug] [MainThread]: Using duckdb connection "debug"
[0m19:18:50.384679 [debug] [MainThread]: On debug: select 1 as id
[0m19:18:50.384918 [debug] [MainThread]: Opening a new connection, currently in state init
[0m19:18:50.395259 [debug] [MainThread]: SQL status: OK in 0.010 seconds
[0m19:18:50.395990 [debug] [MainThread]: On debug: Close
[0m19:18:50.396290 [info ] [MainThread]:   Connection test: [[32mOK connection ok[0m]

[0m19:18:50.396557 [info ] [MainThread]: [32mAll checks passed![0m
[0m19:18:50.396886 [info ] [MainThread]: Your new dbt project "chicago311dbt" was created!
Initialized new project in /home/eeemy/Work/levi/chicago311/chicago311dbt/chicago311dbt

For more information on how to configure the profiles.yml file,
please consult the dbt documentation here:

  https://docs.getdbt.com/docs/configure-your-profile

One more thing:

Need help? Don't hesitate to reach out to us via GitHub issues or on Slack:

  https://community.getdbt.com/

Happy modeling!

[0m19:18:50.397736 [debug] [MainThread]: Resource report: {"command_name": "init", "command_success": true, "command_wall_clock_time": 15.39289, "process_in_blocks": "41096", "process_kernel_time": 0.201429, "process_mem_max_rss": "183584", "process_out_blocks": "42272", "process_user_time": 2.547575}
[0m19:18:50.398142 [debug] [MainThread]: Command `dbt init` succeeded at 19:18:50.398066 after 15.39 seconds
[0m19:18:50.398389 [debug] [MainThread]: Connection 'debug' was properly closed.
[0m19:18:50.398657 [debug] [MainThread]: Sending event: {'category': 'dbt', 'action': 'invocation', 'label': 'end', 'context': [<snowplow_tracker.self_describing_json.SelfDescribingJson object at 0x7ffb32525cd0>, <snowplow_tracker.self_describing_json.SelfDescribingJson object at 0x7ffb32b3a450>, <snowplow_tracker.self_describing_json.SelfDescribingJson object at 0x7ffb32be96a0>]}
[0m19:18:50.398977 [debug] [MainThread]: Flushing usage events
[0m19:18:51.255801 [debug] [MainThread]: An error was encountered while trying to flush usage events
